Copyright 1986-2022 Xilinx, Inc. All Rights Reserved. Copyright 2022-2023 Advanced Micro Devices, Inc. All Rights Reserved.
---------------------------------------------------------------------------------------------------------------------------------------------
| Tool Version : Vivado v.2023.2 (win64) Build 4029153 Fri Oct 13 20:14:34 MDT 2023
| Date         : Wed Sep 23 13:27:56 2026
| Host         : DESKTOP-8DNQIV5 running 64-bit major release  (build 9200)
| Command      : report_timing_summary -file sim_data/timing_170mhz.rpt
| Design       : resampler_cubic_catmull
| Device       : 7z020-clg400
| Speed File   : -2  PRODUCTION 1.12 2019-11-22
| Design State : Routed
---------------------------------------------------------------------------------------------------------------------------------------------

Timing Summary Report

------------------------------------------------------------------------------------------------
| Timer Settings
| --------------
------------------------------------------------------------------------------------------------

  Enable Multi Corner Analysis               :  Yes
  Enable Pessimism Removal                   :  Yes
  Pessimism Removal Resolution               :  Nearest Common Node
  Enable Input Delay Default Clock           :  No
  Enable Preset / Clear Arcs                 :  No
  Disable Flight Delays                      :  No
  Ignore I/O Paths                           :  No
  Timing Early Launch at Borrowing Latches   :  No
  Borrow Time for Max Delay Exceptions       :  Yes
  Merge Timing Exceptions                    :  Yes
  Inter-SLR Compensation                     :  Conservative

  Corner  Analyze    Analyze    
  Name    Max Paths  Min Paths  
  ------  ---------  ---------  
  Slow    Yes        Yes        
  Fast    Yes        Yes        


------------------------------------------------------------------------------------------------
| Report Methodology
| ------------------
------------------------------------------------------------------------------------------------

No report available as report_methodology has not been run prior. Run report_methodology on the current design for the summary of methodology violations.



check_timing report

Table of Contents
-----------------
1. checking no_clock (0)
2. checking constant_clock (0)
3. checking pulse_width_clock (0)
4. checking unconstrained_internal_endpoints (0)
5. checking no_input_delay (66)
6. checking no_output_delay (34)
7. checking multiple_clock (0)
8. checking generated_clocks (0)
9. checking loops (0)
10. checking partial_input_delay (0)
11. checking partial_output_delay (0)
12. checking latch_loops (0)

1. checking no_clock (0)
------------------------
 There are 0 register/latch pins with no clock.


2. checking constant_clock (0)
------------------------------
 There are 0 register/latch pins with constant_clock.


3. checking pulse_width_clock (0)
---------------------------------
 There are 0 register/latch pins which need pulse_width check


4. checking unconstrained_internal_endpoints (0)
------------------------------------------------
 There are 0 pins that are not constrained for maximum delay.

 There are 0 pins that are not constrained for maximum delay due to constant clock.


5. checking no_input_delay (66)
-------------------------------
 There are 66 input ports with no input delay specified. (HIGH)

 There are 0 input ports with no input delay but user has a false path constraint.


6. checking no_output_delay (34)
--------------------------------
 There are 34 ports with no output delay specified. (HIGH)

 There are 0 ports with no output delay but user has a false path constraint

 There are 0 ports with no output delay but with a timing clock defined on it or propagating through it


7. checking multiple_clock (0)
------------------------------
 There are 0 register/latch pins with multiple clocks.


8. checking generated_clocks (0)
--------------------------------
 There are 0 generated clocks that are not connected to a clock source.


9. checking loops (0)
---------------------
 There are 0 combinational loops in the design.


10. checking partial_input_delay (0)
------------------------------------
 There are 0 input ports with partial input delay specified.


11. checking partial_output_delay (0)
-------------------------------------
 There are 0 ports with partial output delay specified.


12. checking latch_loops (0)
----------------------------
 There are 0 combinational latch loops in the design through latch input



------------------------------------------------------------------------------------------------
| Design Timing Summary
| ---------------------
------------------------------------------------------------------------------------------------

    WNS(ns)      TNS(ns)  TNS Failing Endpoints  TNS Total Endpoints      WHS(ns)      THS(ns)  THS Failing Endpoints  THS Total Endpoints     WPWS(ns)     TPWS(ns)  TPWS Failing Endpoints  TPWS Total Endpoints  
    -------      -------  ---------------------  -------------------      -------      -------  ---------------------  -------------------     --------     --------  ----------------------  --------------------  
      0.061        0.000                      0                 6656        0.036        0.000                      0                 6656        1.811        0.000                       0                  1457  


All user specified timing constraints are met.


------------------------------------------------------------------------------------------------
| Clock Summary
| -------------
------------------------------------------------------------------------------------------------

Clock  Waveform(ns)         Period(ns)      Frequency(MHz)
-----  ------------         ----------      --------------
clk    {0.000 2.941}        5.882           170.010         


------------------------------------------------------------------------------------------------
| Intra Clock Table
| -----------------
------------------------------------------------------------------------------------------------

Clock             WNS(ns)      TNS(ns)  TNS Failing Endpoints  TNS Total Endpoints      WHS(ns)      THS(ns)  THS Failing Endpoints  THS Total Endpoints     WPWS(ns)     TPWS(ns)  TPWS Failing Endpoints  TPWS Total Endpoints  
-----             -------      -------  ---------------------  -------------------      -------      -------  ---------------------  -------------------     --------     --------  ----------------------  --------------------  
clk                 0.061        0.000                      0                 6656        0.036        0.000                      0                 6656        1.811        0.000                       0                  1457  


------------------------------------------------------------------------------------------------
| Inter Clock Table
| -----------------
------------------------------------------------------------------------------------------------

From Clock    To Clock          WNS(ns)      TNS(ns)  TNS Failing Endpoints  TNS Total Endpoints      WHS(ns)      THS(ns)  THS Failing Endpoints  THS Total Endpoints  
----------    --------          -------      -------  ---------------------  -------------------      -------      -------  ---------------------  -------------------  


------------------------------------------------------------------------------------------------
| Other Path Groups Table
| -----------------------
------------------------------------------------------------------------------------------------

Path Group    From Clock    To Clock          WNS(ns)      TNS(ns)  TNS Failing Endpoints  TNS Total Endpoints      WHS(ns)      THS(ns)  THS Failing Endpoints  THS Total Endpoints  
----------    ----------    --------          -------      -------  ---------------------  -------------------      -------      -------  ---------------------  -------------------  


------------------------------------------------------------------------------------------------
| Timing Details
| --------------
------------------------------------------------------------------------------------------------


---------------------------------------------------------------------------------------------------
From Clock:  clk
  To Clock:  clk

Setup :            0  Failing Endpoints,  Worst Slack        0.061ns,  Total Violation        0.000ns
Hold  :            0  Failing Endpoints,  Worst Slack        0.036ns,  Total Violation        0.000ns
PW    :            0  Failing Endpoints,  Worst Slack        1.811ns,  Total Violation        0.000ns
---------------------------------------------------------------------------------------------------


Max Delay Paths
--------------------------------------------------------------------------------------
Slack (MET) :             0.061ns  (required time - arrival time)
  Source:                 y1_q_reg[5]/C
                            (rising edge-triggered cell FDRE clocked by clk  {rise@0.000ns fall@2.941ns period=5.882ns})
  Destination:            u_core/ARG__19_i_7_psdsp_5/D
                            (rising edge-triggered cell FDRE clocked by clk  {rise@0.000ns fall@2.941ns period=5.882ns})
  Path Group:             clk
  Path Type:              Setup (Max at Slow Process Corner)
  Requirement:            5.882ns  (clk rise@5.882ns - clk rise@0.000ns)
  Data Path Delay:        5.551ns  (logic 2.295ns (41.340%)  route 3.256ns (58.660%))
  Logic Levels:           9  (CARRY4=4 LUT3=2 LUT4=1 LUT5=1 LUT6=1)
  Clock Path Skew:        -0.039ns (DCD - SCD + CPR)
    Destination Clock Delay (DCD):    0.748ns = ( 6.630 - 5.882 ) 
    Source Clock Delay      (SCD):    0.787ns
    Clock Pessimism Removal (CPR):    0.000ns
  Clock Uncertainty:      0.035ns  ((TSJ^2 + TIJ^2)^1/2 + DJ) / 2 + PE
    Total System Jitter     (TSJ):    0.071ns
    Total Input Jitter      (TIJ):    0.000ns
    Discrete Jitter          (DJ):    0.000ns
    Phase Error              (PE):    0.000ns

    Location             Delay type                Incr(ns)  Path(ns)    Netlist Resource(s)
  -------------------------------------------------------------------    -------------------
                         (clock clk rise edge)        0.000     0.000 r  
                                                      0.000     0.000 r  clk (IN)
                         net (fo=1456, unset)         0.787     0.787    clk
    SLICE_X19Y16         FDRE                                         r  y1_q_reg[5]/C
  -------------------------------------------------------------------    -------------------
    SLICE_X19Y16         FDRE (Prop_fdre_C_Q)         0.379     1.166 f  y1_q_reg[5]/Q
                         net (fo=9, routed)           0.917     2.083    u_core/ARG__18_0[5]
    SLICE_X19Y19         LUT3 (Prop_lut3_I0_O)        0.121     2.204 r  u_core/c3_q_st10_carry__0_i_1/O
                         net (fo=2, routed)           0.566     2.770    u_core/c3_q_st10_carry__0_i_1_n_0
    SLICE_X19Y19         LUT4 (Prop_lut4_I3_O)        0.268     3.038 r  u_core/c3_q_st10_carry__0_i_5/O
                         net (fo=1, routed)           0.000     3.038    u_core/c3_q_st10_carry__0_i_5_n_0
    SLICE_X19Y19         CARRY4 (Prop_carry4_S[3]_CO[3])
                                                      0.332     3.370 r  u_core/c3_q_st10_carry__0/CO[3]
                         net (fo=1, routed)           0.000     3.370    u_core/c3_q_st10_carry__0_n_0
    SLICE_X19Y20         CARRY4 (Prop_carry4_CI_O[2])
                                                      0.200     3.570 r  u_core/c3_q_st10_carry__1/O[2]
                         net (fo=3, routed)           0.569     4.139    u_core/c3_q_st10_carry__1_n_5
    SLICE_X13Y20         LUT3 (Prop_lut3_I1_O)        0.253     4.392 f  u_core/c3_q_st10__49_carry__1_i_9/O
                         net (fo=2, routed)           0.337     4.730    u_core/c3_q_st10__49_carry__1_i_9_n_0
    SLICE_X14Y20         LUT5 (Prop_lut5_I0_O)        0.105     4.835 r  u_core/c3_q_st10__49_carry__1_i_1/O
                         net (fo=2, routed)           0.322     5.157    u_core/c3_q_st10__49_carry__1_i_1_n_0
    SLICE_X15Y20         LUT6 (Prop_lut6_I0_O)        0.105     5.262 r  u_core/c3_q_st10__49_carry__1_i_5/O
                         net (fo=1, routed)           0.000     5.262    u_core/c3_q_st10__49_carry__1_i_5_n_0
    SLICE_X15Y20         CARRY4 (Prop_carry4_S[3]_CO[3])
                                                      0.332     5.594 r  u_core/c3_q_st10__49_carry__1/CO[3]
                         net (fo=1, routed)           0.000     5.594    u_core/c3_q_st10__49_carry__1_n_0
    SLICE_X15Y21         CARRY4 (Prop_carry4_CI_O[2])
                                                      0.200     5.794 r  u_core/c3_q_st10__49_carry__2/O[2]
                         net (fo=1, routed)           0.545     6.338    u_core/c3_q_st10__49_carry__2_n_5
    SLICE_X13Y21         FDRE                                         r  u_core/ARG__19_i_7_psdsp_5/D
  -------------------------------------------------------------------    -------------------

                         (clock clk rise edge)        5.882     5.882 r  
                                                      0.000     5.882 r  clk (IN)
                         net (fo=1456, unset)         0.748     6.630    u_core/clk
    SLICE_X13Y21         FDRE                                         r  u_core/ARG__19_i_7_psdsp_5/C
                         clock pessimism              0.000     6.630    
                         clock uncertainty           -0.035     6.594    
    SLICE_X13Y21         FDRE (Setup_fdre_C_D)       -0.195     6.399    u_core/ARG__19_i_7_psdsp_5
  -------------------------------------------------------------------
                         required time                          6.399    
                         arrival time                          -6.338    
  -------------------------------------------------------------------
                         slack                                  0.061    





Min Delay Paths
--------------------------------------------------------------------------------------
Slack (MET) :             0.036ns  (arrival time - required time)
  Source:                 u_core/c1_i_st1_reg[15]/C
                            (rising edge-triggered cell FDRE clocked by clk  {rise@0.000ns fall@2.941ns period=5.882ns})
  Destination:            u_core/c1_i_st3_reg[15]_srl2/D
                            (rising edge-triggered cell SRL16E clocked by clk  {rise@0.000ns fall@2.941ns period=5.882ns})
  Path Group:             clk
  Path Type:              Hold (Min at Fast Process Corner)
  Requirement:            0.000ns  (clk rise@0.000ns - clk rise@0.000ns)
  Data Path Delay:        0.240ns  (logic 0.141ns (58.816%)  route 0.099ns (41.184%))
  Logic Levels:           0  
  Clock Path Skew:        0.021ns (DCD - SCD - CPR)
    Destination Clock Delay (DCD):    0.411ns
    Source Clock Delay      (SCD):    0.390ns
    Clock Pessimism Removal (CPR):    -0.000ns

    Location             Delay type                Incr(ns)  Path(ns)    Netlist Resource(s)
  -------------------------------------------------------------------    -------------------
                         (clock clk rise edge)        0.000     0.000 r  
                                                      0.000     0.000 r  clk (IN)
                         net (fo=1456, unset)         0.390     0.390    u_core/clk
    SLICE_X13Y7          FDRE                                         r  u_core/c1_i_st1_reg[15]/C
  -------------------------------------------------------------------    -------------------
    SLICE_X13Y7          FDRE (Prop_fdre_C_Q)         0.141     0.531 r  u_core/c1_i_st1_reg[15]/Q
                         net (fo=1, routed)           0.099     0.630    u_core/c1_i_st1_reg_n_0_[15]
    SLICE_X14Y6          SRL16E                                       r  u_core/c1_i_st3_reg[15]_srl2/D
  -------------------------------------------------------------------    -------------------

                         (clock clk rise edge)        0.000     0.000 r  
                                                      0.000     0.000 r  clk (IN)
                         net (fo=1456, unset)         0.411     0.411    u_core/clk
    SLICE_X14Y6          SRL16E                                       r  u_core/c1_i_st3_reg[15]_srl2/CLK
                         clock pessimism              0.000     0.411    
    SLICE_X14Y6          SRL16E (Hold_srl16e_CLK_D)
                                                      0.183     0.594    u_core/c1_i_st3_reg[15]_srl2
  -------------------------------------------------------------------
                         required time                         -0.594    
                         arrival time                           0.630    
  -------------------------------------------------------------------
                         slack                                  0.036    





Pulse Width Checks
--------------------------------------------------------------------------------------
Clock Name:         clk
Waveform(ns):       { 0.000 2.941 }
Period(ns):         5.882
Sources:            { clk }

Check Type        Corner  Lib Pin      Reference Pin  Required(ns)  Actual(ns)  Slack(ns)  Location    Pin
Min Period        n/a     DSP48E1/CLK  n/a            3.272         5.882       2.610      DSP48_X0Y3  u_core/ARG__16/CLK
Low Pulse Width   Slow    RAMD64E/CLK  n/a            1.130         2.941       1.811      SLICE_X8Y5  ram_i_reg_r1_0_63_0_2/RAMA/CLK
High Pulse Width  Slow    RAMD64E/CLK  n/a            1.130         2.941       1.811      SLICE_X8Y5  ram_i_reg_r1_0_63_0_2/RAMA/CLK



