Copyright 1986-2022 Xilinx, Inc. All Rights Reserved. Copyright 2022-2023 Advanced Micro Devices, Inc. All Rights Reserved.
---------------------------------------------------------------------------------------------------------------------------------------------
| Tool Version : Vivado v.2023.2 (win64) Build 4029153 Fri Oct 13 20:14:34 MDT 2023
| Date         : Wed Sep 23 13:22:52 2026
| Host         : DESKTOP-8DNQIV5 running 64-bit major release  (build 9200)
| Command      : report_timing_summary -file sim_data/timing_summary.rpt
| Design       : resampler_cubic_catmull
| Device       : 7z020-clg400
| Speed File   : -2  PRODUCTION 1.12 2019-11-22
| Design State : Routed
---------------------------------------------------------------------------------------------------------------------------------------------

Timing Summary Report

------------------------------------------------------------------------------------------------
| Timer Settings
| --------------
------------------------------------------------------------------------------------------------

  Enable Multi Corner Analysis               :  Yes
  Enable Pessimism Removal                   :  Yes
  Pessimism Removal Resolution               :  Nearest Common Node
  Enable Input Delay Default Clock           :  No
  Enable Preset / Clear Arcs                 :  No
  Disable Flight Delays                      :  No
  Ignore I/O Paths                           :  No
  Timing Early Launch at Borrowing Latches   :  No
  Borrow Time for Max Delay Exceptions       :  Yes
  Merge Timing Exceptions                    :  Yes
  Inter-SLR Compensation                     :  Conservative

  Corner  Analyze    Analyze    
  Name    Max Paths  Min Paths  
  ------  ---------  ---------  
  Slow    Yes        Yes        
  Fast    Yes        Yes        


------------------------------------------------------------------------------------------------
| Report Methodology
| ------------------
------------------------------------------------------------------------------------------------

No report available as report_methodology has not been run prior. Run report_methodology on the current design for the summary of methodology violations.



check_timing report

Table of Contents
-----------------
1. checking no_clock (0)
2. checking constant_clock (0)
3. checking pulse_width_clock (0)
4. checking unconstrained_internal_endpoints (0)
5. checking no_input_delay (0)
6. checking no_output_delay (0)
7. checking multiple_clock (0)
8. checking generated_clocks (0)
9. checking loops (0)
10. checking partial_input_delay (0)
11. checking partial_output_delay (0)
12. checking latch_loops (0)

1. checking no_clock (0)
------------------------
 There are 0 register/latch pins with no clock.


2. checking constant_clock (0)
------------------------------
 There are 0 register/latch pins with constant_clock.


3. checking pulse_width_clock (0)
---------------------------------
 There are 0 register/latch pins which need pulse_width check


4. checking unconstrained_internal_endpoints (0)
------------------------------------------------
 There are 0 pins that are not constrained for maximum delay.

 There are 0 pins that are not constrained for maximum delay due to constant clock.


5. checking no_input_delay (0)
------------------------------
 There are 0 input ports with no input delay specified.

 There are 0 input ports with no input delay but user has a false path constraint.


6. checking no_output_delay (0)
-------------------------------
 There are 0 ports with no output delay specified.

 There are 0 ports with no output delay but user has a false path constraint

 There are 0 ports with no output delay but with a timing clock defined on it or propagating through it


7. checking multiple_clock (0)
------------------------------
 There are 0 register/latch pins with multiple clocks.


8. checking generated_clocks (0)
--------------------------------
 There are 0 generated clocks that are not connected to a clock source.


9. checking loops (0)
---------------------
 There are 0 combinational loops in the design.


10. checking partial_input_delay (0)
------------------------------------
 There are 0 input ports with partial input delay specified.


11. checking partial_output_delay (0)
-------------------------------------
 There are 0 ports with partial output delay specified.


12. checking latch_loops (0)
----------------------------
 There are 0 combinational latch loops in the design through latch input



------------------------------------------------------------------------------------------------
| Design Timing Summary
| ---------------------
------------------------------------------------------------------------------------------------

    WNS(ns)      TNS(ns)  TNS Failing Endpoints  TNS Total Endpoints      WHS(ns)      THS(ns)  THS Failing Endpoints  THS Total Endpoints     WPWS(ns)     TPWS(ns)  TPWS Failing Endpoints  TPWS Total Endpoints  
    -------      -------  ---------------------  -------------------      -------      -------  ---------------------  -------------------     --------     --------  ----------------------  --------------------  
      2.550        0.000                      0                 7444        0.046        0.000                      0                 7444        3.870        0.000                       0                  1417  


All user specified timing constraints are met.


------------------------------------------------------------------------------------------------
| Clock Summary
| -------------
------------------------------------------------------------------------------------------------

Clock  Waveform(ns)       Period(ns)      Frequency(MHz)
-----  ------------       ----------      --------------
clk    {0.000 5.000}      10.000          100.000         


------------------------------------------------------------------------------------------------
| Intra Clock Table
| -----------------
------------------------------------------------------------------------------------------------

Clock             WNS(ns)      TNS(ns)  TNS Failing Endpoints  TNS Total Endpoints      WHS(ns)      THS(ns)  THS Failing Endpoints  THS Total Endpoints     WPWS(ns)     TPWS(ns)  TPWS Failing Endpoints  TPWS Total Endpoints  
-----             -------      -------  ---------------------  -------------------      -------      -------  ---------------------  -------------------     --------     --------  ----------------------  --------------------  
clk                 2.550        0.000                      0                 7444        0.046        0.000                      0                 7444        3.870        0.000                       0                  1417  


------------------------------------------------------------------------------------------------
| Inter Clock Table
| -----------------
------------------------------------------------------------------------------------------------

From Clock    To Clock          WNS(ns)      TNS(ns)  TNS Failing Endpoints  TNS Total Endpoints      WHS(ns)      THS(ns)  THS Failing Endpoints  THS Total Endpoints  
----------    --------          -------      -------  ---------------------  -------------------      -------      -------  ---------------------  -------------------  


------------------------------------------------------------------------------------------------
| Other Path Groups Table
| -----------------------
------------------------------------------------------------------------------------------------

Path Group    From Clock    To Clock          WNS(ns)      TNS(ns)  TNS Failing Endpoints  TNS Total Endpoints      WHS(ns)      THS(ns)  THS Failing Endpoints  THS Total Endpoints  
----------    ----------    --------          -------      -------  ---------------------  -------------------      -------      -------  ---------------------  -------------------  


------------------------------------------------------------------------------------------------
| Timing Details
| --------------
------------------------------------------------------------------------------------------------


---------------------------------------------------------------------------------------------------
From Clock:  clk
  To Clock:  clk

Setup :            0  Failing Endpoints,  Worst Slack        2.550ns,  Total Violation        0.000ns
Hold  :            0  Failing Endpoints,  Worst Slack        0.046ns,  Total Violation        0.000ns
PW    :            0  Failing Endpoints,  Worst Slack        3.870ns,  Total Violation        0.000ns
---------------------------------------------------------------------------------------------------


Max Delay Paths
--------------------------------------------------------------------------------------
Slack (MET) :             2.550ns  (required time - arrival time)
  Source:                 y1_q_reg[3]/C
                            (rising edge-triggered cell FDRE clocked by clk  {rise@0.000ns fall@5.000ns period=10.000ns})
  Destination:            u_core/ARG__18/A[20]
                            (rising edge-triggered cell DSP48E1 clocked by clk  {rise@0.000ns fall@5.000ns period=10.000ns})
  Path Group:             clk
  Path Type:              Setup (Max at Slow Process Corner)
  Requirement:            10.000ns  (clk rise@10.000ns - clk rise@0.000ns)
  Data Path Delay:        6.926ns  (logic 2.836ns (40.948%)  route 4.090ns (59.052%))
  Logic Levels:           10  (CARRY4=5 LUT3=2 LUT4=1 LUT5=1 LUT6=1)
  Clock Path Skew:        -0.039ns (DCD - SCD + CPR)
    Destination Clock Delay (DCD):    0.748ns = ( 10.748 - 10.000 ) 
    Source Clock Delay      (SCD):    0.787ns
    Clock Pessimism Removal (CPR):    0.000ns
  Clock Uncertainty:      0.035ns  ((TSJ^2 + TIJ^2)^1/2 + DJ) / 2 + PE
    Total System Jitter     (TSJ):    0.071ns
    Total Input Jitter      (TIJ):    0.000ns
    Discrete Jitter          (DJ):    0.000ns
    Phase Error              (PE):    0.000ns

    Location             Delay type                Incr(ns)  Path(ns)    Netlist Resource(s)
  -------------------------------------------------------------------    -------------------
                         (clock clk rise edge)        0.000     0.000 r  
                                                      0.000     0.000 r  clk (IN)
                         net (fo=1416, unset)         0.787     0.787    clk
    SLICE_X27Y25         FDRE                                         r  y1_q_reg[3]/C
  -------------------------------------------------------------------    -------------------
    SLICE_X27Y25         FDRE (Prop_fdre_C_Q)         0.379     1.166 f  y1_q_reg[3]/Q
                         net (fo=10, routed)          1.052     2.218    u_core/ARG__18_0[3]
    SLICE_X34Y21         LUT3 (Prop_lut3_I0_O)        0.125     2.343 r  u_core/c3_q_st10_carry__0_i_3/O
                         net (fo=2, routed)           0.694     3.037    u_core/c3_q_st10_carry__0_i_3_n_0
    SLICE_X34Y21         LUT4 (Prop_lut4_I3_O)        0.264     3.301 r  u_core/c3_q_st10_carry__0_i_7/O
                         net (fo=1, routed)           0.000     3.301    u_core/c3_q_st10_carry__0_i_7_n_0
    SLICE_X34Y21         CARRY4 (Prop_carry4_S[1]_CO[3])
                                                      0.444     3.745 r  u_core/c3_q_st10_carry__0/CO[3]
                         net (fo=1, routed)           0.000     3.745    u_core/c3_q_st10_carry__0_n_0
    SLICE_X34Y22         CARRY4 (Prop_carry4_CI_CO[3])
                                                      0.100     3.845 r  u_core/c3_q_st10_carry__1/CO[3]
                         net (fo=1, routed)           0.000     3.845    u_core/c3_q_st10_carry__1_n_0
    SLICE_X34Y23         CARRY4 (Prop_carry4_CI_O[0])
                                                      0.178     4.023 r  u_core/c3_q_st10_carry__2/O[0]
                         net (fo=3, routed)           0.727     4.750    u_core/c3_q_st10_carry__2_n_7
    SLICE_X33Y25         LUT3 (Prop_lut3_I1_O)        0.257     5.007 f  u_core/c3_q_st10__49_carry__2_i_11/O
                         net (fo=2, routed)           0.527     5.534    u_core/c3_q_st10__49_carry__2_i_11_n_0
    SLICE_X37Y23         LUT5 (Prop_lut5_I0_O)        0.267     5.801 r  u_core/c3_q_st10__49_carry__2_i_3/O
                         net (fo=2, routed)           0.393     6.194    u_core/c3_q_st10__49_carry__2_i_3_n_0
    SLICE_X35Y23         LUT6 (Prop_lut6_I0_O)        0.105     6.299 r  u_core/c3_q_st10__49_carry__2_i_7/O
                         net (fo=1, routed)           0.000     6.299    u_core/c3_q_st10__49_carry__2_i_7_n_0
    SLICE_X35Y23         CARRY4 (Prop_carry4_S[1]_CO[3])
                                                      0.457     6.756 r  u_core/c3_q_st10__49_carry__2/CO[3]
                         net (fo=1, routed)           0.000     6.756    u_core/c3_q_st10__49_carry__2_n_0
    SLICE_X35Y24         CARRY4 (Prop_carry4_CI_O[3])
                                                      0.260     7.016 r  u_core/c3_q_st10__49_carry__3/O[3]
                         net (fo=11, routed)          0.697     7.713    u_core/c3_q_st10__49_carry__3_n_4
    DSP48_X2Y8           DSP48E1                                      r  u_core/ARG__18/A[20]
  -------------------------------------------------------------------    -------------------

                         (clock clk rise edge)       10.000    10.000 r  
                                                      0.000    10.000 r  clk (IN)
                         net (fo=1416, unset)         0.748    10.748    u_core/clk
    DSP48_X2Y8           DSP48E1                                      r  u_core/ARG__18/CLK
                         clock pessimism              0.000    10.748    
                         clock uncertainty           -0.035    10.712    
    DSP48_X2Y8           DSP48E1 (Setup_dsp48e1_CLK_A[20])
                                                     -0.449    10.263    u_core/ARG__18
  -------------------------------------------------------------------
                         required time                         10.263    
                         arrival time                          -7.713    
  -------------------------------------------------------------------
                         slack                                  2.550    





Min Delay Paths
--------------------------------------------------------------------------------------
Slack (MET) :             0.046ns  (arrival time - required time)
  Source:                 u_core/c1_q_st1_reg[15]/C
                            (rising edge-triggered cell FDRE clocked by clk  {rise@0.000ns fall@5.000ns period=10.000ns})
  Destination:            u_core/c1_q_st3_reg[15]_srl2/D
                            (rising edge-triggered cell SRL16E clocked by clk  {rise@0.000ns fall@5.000ns period=10.000ns})
  Path Group:             clk
  Path Type:              Hold (Min at Fast Process Corner)
  Requirement:            0.000ns  (clk rise@0.000ns - clk rise@0.000ns)
  Data Path Delay:        0.249ns  (logic 0.141ns (56.528%)  route 0.108ns (43.472%))
  Logic Levels:           0  
  Clock Path Skew:        0.021ns (DCD - SCD - CPR)
    Destination Clock Delay (DCD):    0.411ns
    Source Clock Delay      (SCD):    0.390ns
    Clock Pessimism Removal (CPR):    -0.000ns

    Location             Delay type                Incr(ns)  Path(ns)    Netlist Resource(s)
  -------------------------------------------------------------------    -------------------
                         (clock clk rise edge)        0.000     0.000 r  
                                                      0.000     0.000 r  clk (IN)
                         net (fo=1416, unset)         0.390     0.390    u_core/clk
    SLICE_X35Y18         FDRE                                         r  u_core/c1_q_st1_reg[15]/C
  -------------------------------------------------------------------    -------------------
    SLICE_X35Y18         FDRE (Prop_fdre_C_Q)         0.141     0.531 r  u_core/c1_q_st1_reg[15]/Q
                         net (fo=1, routed)           0.108     0.640    u_core/c1_q_st1_reg_n_0_[15]
    SLICE_X34Y17         SRL16E                                       r  u_core/c1_q_st3_reg[15]_srl2/D
  -------------------------------------------------------------------    -------------------

                         (clock clk rise edge)        0.000     0.000 r  
                                                      0.000     0.000 r  clk (IN)
                         net (fo=1416, unset)         0.411     0.411    u_core/clk
    SLICE_X34Y17         SRL16E                                       r  u_core/c1_q_st3_reg[15]_srl2/CLK
                         clock pessimism              0.000     0.411    
    SLICE_X34Y17         SRL16E (Hold_srl16e_CLK_D)
                                                      0.183     0.594    u_core/c1_q_st3_reg[15]_srl2
  -------------------------------------------------------------------
                         required time                         -0.594    
                         arrival time                           0.640    
  -------------------------------------------------------------------
                         slack                                  0.046    





Pulse Width Checks
--------------------------------------------------------------------------------------
Clock Name:         clk
Waveform(ns):       { 0.000 5.000 }
Period(ns):         10.000
Sources:            { clk }

Check Type        Corner  Lib Pin      Reference Pin  Required(ns)  Actual(ns)  Slack(ns)  Location      Pin
Min Period        n/a     DSP48E1/CLK  n/a            3.272         10.000      6.728      DSP48_X0Y8    u_core/ARG/CLK
Low Pulse Width   Slow    RAMD64E/CLK  n/a            1.130         5.000       3.870      SLICE_X18Y21  ram_i_reg_r1_0_63_0_2/RAMA/CLK
High Pulse Width  Slow    RAMD64E/CLK  n/a            1.130         5.000       3.870      SLICE_X18Y21  ram_i_reg_r1_0_63_0_2/RAMA/CLK



