Copyright 1986-2022 Xilinx, Inc. All Rights Reserved. Copyright 2022-2023 Advanced Micro Devices, Inc. All Rights Reserved.
---------------------------------------------------------------------------------------------------------------------------------------------
| Tool Version : Vivado v.2023.2 (win64) Build 4029153 Fri Oct 13 20:14:34 MDT 2023
| Date         : Wed Sep 23 13:27:01 2026
| Host         : DESKTOP-8DNQIV5 running 64-bit major release  (build 9200)
| Command      : report_timing_summary -file sim_data/timing_150mhz.rpt
| Design       : resampler_cubic_catmull
| Device       : 7z020-clg400
| Speed File   : -2  PRODUCTION 1.12 2019-11-22
| Design State : Routed
---------------------------------------------------------------------------------------------------------------------------------------------

Timing Summary Report

------------------------------------------------------------------------------------------------
| Timer Settings
| --------------
------------------------------------------------------------------------------------------------

  Enable Multi Corner Analysis               :  Yes
  Enable Pessimism Removal                   :  Yes
  Pessimism Removal Resolution               :  Nearest Common Node
  Enable Input Delay Default Clock           :  No
  Enable Preset / Clear Arcs                 :  No
  Disable Flight Delays                      :  No
  Ignore I/O Paths                           :  No
  Timing Early Launch at Borrowing Latches   :  No
  Borrow Time for Max Delay Exceptions       :  Yes
  Merge Timing Exceptions                    :  Yes
  Inter-SLR Compensation                     :  Conservative

  Corner  Analyze    Analyze    
  Name    Max Paths  Min Paths  
  ------  ---------  ---------  
  Slow    Yes        Yes        
  Fast    Yes        Yes        


------------------------------------------------------------------------------------------------
| Report Methodology
| ------------------
------------------------------------------------------------------------------------------------

No report available as report_methodology has not been run prior. Run report_methodology on the current design for the summary of methodology violations.



check_timing report

Table of Contents
-----------------
1. checking no_clock (0)
2. checking constant_clock (0)
3. checking pulse_width_clock (0)
4. checking unconstrained_internal_endpoints (0)
5. checking no_input_delay (66)
6. checking no_output_delay (34)
7. checking multiple_clock (0)
8. checking generated_clocks (0)
9. checking loops (0)
10. checking partial_input_delay (0)
11. checking partial_output_delay (0)
12. checking latch_loops (0)

1. checking no_clock (0)
------------------------
 There are 0 register/latch pins with no clock.


2. checking constant_clock (0)
------------------------------
 There are 0 register/latch pins with constant_clock.


3. checking pulse_width_clock (0)
---------------------------------
 There are 0 register/latch pins which need pulse_width check


4. checking unconstrained_internal_endpoints (0)
------------------------------------------------
 There are 0 pins that are not constrained for maximum delay.

 There are 0 pins that are not constrained for maximum delay due to constant clock.


5. checking no_input_delay (66)
-------------------------------
 There are 66 input ports with no input delay specified. (HIGH)

 There are 0 input ports with no input delay but user has a false path constraint.


6. checking no_output_delay (34)
--------------------------------
 There are 34 ports with no output delay specified. (HIGH)

 There are 0 ports with no output delay but user has a false path constraint

 There are 0 ports with no output delay but with a timing clock defined on it or propagating through it


7. checking multiple_clock (0)
------------------------------
 There are 0 register/latch pins with multiple clocks.


8. checking generated_clocks (0)
--------------------------------
 There are 0 generated clocks that are not connected to a clock source.


9. checking loops (0)
---------------------
 There are 0 combinational loops in the design.


10. checking partial_input_delay (0)
------------------------------------
 There are 0 input ports with partial input delay specified.


11. checking partial_output_delay (0)
-------------------------------------
 There are 0 ports with partial output delay specified.


12. checking latch_loops (0)
----------------------------
 There are 0 combinational latch loops in the design through latch input



------------------------------------------------------------------------------------------------
| Design Timing Summary
| ---------------------
------------------------------------------------------------------------------------------------

    WNS(ns)      TNS(ns)  TNS Failing Endpoints  TNS Total Endpoints      WHS(ns)      THS(ns)  THS Failing Endpoints  THS Total Endpoints     WPWS(ns)     TPWS(ns)  TPWS Failing Endpoints  TPWS Total Endpoints  
    -------      -------  ---------------------  -------------------      -------      -------  ---------------------  -------------------     --------     --------  ----------------------  --------------------  
      0.735        0.000                      0                 6656        0.070        0.000                      0                 6656        2.203        0.000                       0                  1457  


All user specified timing constraints are met.


------------------------------------------------------------------------------------------------
| Clock Summary
| -------------
------------------------------------------------------------------------------------------------

Clock  Waveform(ns)         Period(ns)      Frequency(MHz)
-----  ------------         ----------      --------------
clk    {0.000 3.333}        6.666           150.015         


------------------------------------------------------------------------------------------------
| Intra Clock Table
| -----------------
------------------------------------------------------------------------------------------------

Clock             WNS(ns)      TNS(ns)  TNS Failing Endpoints  TNS Total Endpoints      WHS(ns)      THS(ns)  THS Failing Endpoints  THS Total Endpoints     WPWS(ns)     TPWS(ns)  TPWS Failing Endpoints  TPWS Total Endpoints  
-----             -------      -------  ---------------------  -------------------      -------      -------  ---------------------  -------------------     --------     --------  ----------------------  --------------------  
clk                 0.735        0.000                      0                 6656        0.070        0.000                      0                 6656        2.203        0.000                       0                  1457  


------------------------------------------------------------------------------------------------
| Inter Clock Table
| -----------------
------------------------------------------------------------------------------------------------

From Clock    To Clock          WNS(ns)      TNS(ns)  TNS Failing Endpoints  TNS Total Endpoints      WHS(ns)      THS(ns)  THS Failing Endpoints  THS Total Endpoints  
----------    --------          -------      -------  ---------------------  -------------------      -------      -------  ---------------------  -------------------  


------------------------------------------------------------------------------------------------
| Other Path Groups Table
| -----------------------
------------------------------------------------------------------------------------------------

Path Group    From Clock    To Clock          WNS(ns)      TNS(ns)  TNS Failing Endpoints  TNS Total Endpoints      WHS(ns)      THS(ns)  THS Failing Endpoints  THS Total Endpoints  
----------    ----------    --------          -------      -------  ---------------------  -------------------      -------      -------  ---------------------  -------------------  


------------------------------------------------------------------------------------------------
| Timing Details
| --------------
------------------------------------------------------------------------------------------------


---------------------------------------------------------------------------------------------------
From Clock:  clk
  To Clock:  clk

Setup :            0  Failing Endpoints,  Worst Slack        0.735ns,  Total Violation        0.000ns
Hold  :            0  Failing Endpoints,  Worst Slack        0.070ns,  Total Violation        0.000ns
PW    :            0  Failing Endpoints,  Worst Slack        2.203ns,  Total Violation        0.000ns
---------------------------------------------------------------------------------------------------


Max Delay Paths
--------------------------------------------------------------------------------------
Slack (MET) :             0.735ns  (required time - arrival time)
  Source:                 y1_q_reg[3]/C
                            (rising edge-triggered cell FDRE clocked by clk  {rise@0.000ns fall@3.333ns period=6.666ns})
  Destination:            u_core/ARG__19_i_7_psdsp_10/D
                            (rising edge-triggered cell FDRE clocked by clk  {rise@0.000ns fall@3.333ns period=6.666ns})
  Path Group:             clk
  Path Type:              Setup (Max at Slow Process Corner)
  Requirement:            6.666ns  (clk rise@6.666ns - clk rise@0.000ns)
  Data Path Delay:        5.633ns  (logic 2.372ns (42.112%)  route 3.261ns (57.888%))
  Logic Levels:           7  (CARRY4=3 LUT3=2 LUT4=1 LUT5=1)
  Clock Path Skew:        -0.039ns (DCD - SCD + CPR)
    Destination Clock Delay (DCD):    0.748ns = ( 7.414 - 6.666 ) 
    Source Clock Delay      (SCD):    0.787ns
    Clock Pessimism Removal (CPR):    0.000ns
  Clock Uncertainty:      0.035ns  ((TSJ^2 + TIJ^2)^1/2 + DJ) / 2 + PE
    Total System Jitter     (TSJ):    0.071ns
    Total Input Jitter      (TIJ):    0.000ns
    Discrete Jitter          (DJ):    0.000ns
    Phase Error              (PE):    0.000ns

    Location             Delay type                Incr(ns)  Path(ns)    Netlist Resource(s)
  -------------------------------------------------------------------    -------------------
                         (clock clk rise edge)        0.000     0.000 r  
                                                      0.000     0.000 r  clk (IN)
                         net (fo=1456, unset)         0.787     0.787    clk
    SLICE_X13Y8          FDRE                                         r  y1_q_reg[3]/C
  -------------------------------------------------------------------    -------------------
    SLICE_X13Y8          FDRE (Prop_fdre_C_Q)         0.379     1.166 f  y1_q_reg[3]/Q
                         net (fo=10, routed)          0.790     1.956    u_core/ARG__18_0[3]
    SLICE_X19Y8          LUT3 (Prop_lut3_I0_O)        0.115     2.071 r  u_core/c3_q_st10_carry__0_i_3/O
                         net (fo=2, routed)           0.474     2.545    u_core/c3_q_st10_carry__0_i_3_n_0
    SLICE_X19Y8          LUT4 (Prop_lut4_I3_O)        0.267     2.812 r  u_core/c3_q_st10_carry__0_i_7/O
                         net (fo=1, routed)           0.000     2.812    u_core/c3_q_st10_carry__0_i_7_n_0
    SLICE_X19Y8          CARRY4 (Prop_carry4_S[1]_O[2])
                                                      0.481     3.293 r  u_core/c3_q_st10_carry__0/O[2]
                         net (fo=3, routed)           0.625     3.918    u_core/c3_q_st10_carry__0_n_5
    SLICE_X23Y9          LUT3 (Prop_lut3_I1_O)        0.253     4.171 f  u_core/c3_q_st10__49_carry__0_i_9/O
                         net (fo=2, routed)           0.468     4.639    u_core/c3_q_st10__49_carry__0_i_9_n_0
    SLICE_X23Y10         LUT5 (Prop_lut5_I0_O)        0.124     4.763 r  u_core/c3_q_st10__49_carry__0_i_1/O
                         net (fo=2, routed)           0.502     5.265    u_core/c3_q_st10__49_carry__0_i_1_n_0
    SLICE_X20Y9          CARRY4 (Prop_carry4_DI[3]_CO[3])
                                                      0.496     5.761 r  u_core/c3_q_st10__49_carry__0/CO[3]
                         net (fo=1, routed)           0.000     5.761    u_core/c3_q_st10__49_carry__0_n_0
    SLICE_X20Y10         CARRY4 (Prop_carry4_CI_O[1])
                                                      0.257     6.018 r  u_core/c3_q_st10__49_carry__1/O[1]
                         net (fo=1, routed)           0.402     6.420    u_core/c3_q_st10__49_carry__1_n_6
    SLICE_X21Y10         FDRE                                         r  u_core/ARG__19_i_7_psdsp_10/D
  -------------------------------------------------------------------    -------------------

                         (clock clk rise edge)        6.666     6.666 r  
                                                      0.000     6.666 r  clk (IN)
                         net (fo=1456, unset)         0.748     7.414    u_core/clk
    SLICE_X21Y10         FDRE                                         r  u_core/ARG__19_i_7_psdsp_10/C
                         clock pessimism              0.000     7.414    
                         clock uncertainty           -0.035     7.378    
    SLICE_X21Y10         FDRE (Setup_fdre_C_D)       -0.224     7.154    u_core/ARG__19_i_7_psdsp_10
  -------------------------------------------------------------------
                         required time                          7.154    
                         arrival time                          -6.420    
  -------------------------------------------------------------------
                         slack                                  0.735    





Min Delay Paths
--------------------------------------------------------------------------------------
Slack (MET) :             0.070ns  (arrival time - required time)
  Source:                 wr_ptr_reg[4]/C
                            (rising edge-triggered cell FDRE clocked by clk  {rise@0.000ns fall@3.333ns period=6.666ns})
  Destination:            ram_q_reg_r3_192_255_15_15/RAMA/WADR4
                            (rising edge-triggered cell RAMD64E clocked by clk  {rise@0.000ns fall@3.333ns period=6.666ns})
  Path Group:             clk
  Path Type:              Hold (Min at Fast Process Corner)
  Requirement:            0.000ns  (clk rise@0.000ns - clk rise@0.000ns)
  Data Path Delay:        0.290ns  (logic 0.141ns (48.579%)  route 0.149ns (51.421%))
  Logic Levels:           0  
  Clock Path Skew:        0.021ns (DCD - SCD - CPR)
    Destination Clock Delay (DCD):    0.411ns
    Source Clock Delay      (SCD):    0.390ns
    Clock Pessimism Removal (CPR):    -0.000ns

    Location             Delay type                Incr(ns)  Path(ns)    Netlist Resource(s)
  -------------------------------------------------------------------    -------------------
                         (clock clk rise edge)        0.000     0.000 r  
                                                      0.000     0.000 r  clk (IN)
                         net (fo=1456, unset)         0.390     0.390    clk
    SLICE_X5Y19          FDRE                                         r  wr_ptr_reg[4]/C
  -------------------------------------------------------------------    -------------------
    SLICE_X5Y19          FDRE (Prop_fdre_C_Q)         0.141     0.531 r  wr_ptr_reg[4]/Q
                         net (fo=489, routed)         0.149     0.681    ram_q_reg_r3_192_255_15_15/ADDRD4
    SLICE_X6Y18          RAMD64E                                      r  ram_q_reg_r3_192_255_15_15/RAMA/WADR4
  -------------------------------------------------------------------    -------------------

                         (clock clk rise edge)        0.000     0.000 r  
                                                      0.000     0.000 r  clk (IN)
                         net (fo=1456, unset)         0.411     0.411    ram_q_reg_r3_192_255_15_15/WCLK
    SLICE_X6Y18          RAMD64E                                      r  ram_q_reg_r3_192_255_15_15/RAMA/CLK
                         clock pessimism              0.000     0.411    
    SLICE_X6Y18          RAMD64E (Hold_ramd64e_CLK_WADR4)
                                                      0.200     0.611    ram_q_reg_r3_192_255_15_15/RAMA
  -------------------------------------------------------------------
                         required time                         -0.611    
                         arrival time                           0.681    
  -------------------------------------------------------------------
                         slack                                  0.070    





Pulse Width Checks
--------------------------------------------------------------------------------------
Clock Name:         clk
Waveform(ns):       { 0.000 3.333 }
Period(ns):         6.666
Sources:            { clk }

Check Type        Corner  Lib Pin      Reference Pin  Required(ns)  Actual(ns)  Slack(ns)  Location    Pin
Min Period        n/a     DSP48E1/CLK  n/a            3.272         6.666       3.394      DSP48_X0Y0  u_core/ARG__16/CLK
Low Pulse Width   Slow    RAMD64E/CLK  n/a            1.130         3.333       2.203      SLICE_X4Y5  ram_i_reg_r1_0_63_0_2/RAMA/CLK
High Pulse Width  Slow    RAMD64E/CLK  n/a            1.130         3.333       2.203      SLICE_X4Y5  ram_i_reg_r1_0_63_0_2/RAMA/CLK



